node:internal/process/promises:394
    triggerUncaughtException(err, true /* fromPromise */);
    ^

Error: Transform failed with 1 error:
/eval.ts:6:17: ERROR: Top-level await is currently not supported with the "cjs" output format
    at failureErrorWithLog (/home/saim/Projects/skillcheck/node_modules/esbuild/lib/main.js:1748:15)
    at /home/saim/Projects/skillcheck/node_modules/esbuild/lib/main.js:1017:50
    at responseCallbacks.<computed> (/home/saim/Projects/skillcheck/node_modules/esbuild/lib/main.js:884:9)
    at handleIncomingPacket (/home/saim/Projects/skillcheck/node_modules/esbuild/lib/main.js:939:12)
    at Socket.readFromStdout (/home/saim/Projects/skillcheck/node_modules/esbuild/lib/main.js:862:7)
    at Socket.emit (node:events:509:28)
    at addChunk (node:internal/streams/readable:563:12)
    at readableAddChunkPushByteMode (node:internal/streams/readable:514:3)
    at Readable.push (node:internal/streams/readable:394:5)
    at Pipe.onStreamRead (node:internal/stream_base_commons:189:23) {
  errors: [
    {
      detail: undefined,
      id: '',
      location: {
        column: 17,
        file: '/eval.ts',
        length: 5,
        line: 6,
        lineText: 'const response = await client.complete({',
        namespace: '',
        suggestion: ''
      },
      notes: [],
      pluginName: '',
      text: 'Top-level await is currently not supported with the "cjs" output format'
    }
  ],
  warnings: []
}

Node.js v24.15.0
