[m0] starting repeatability run 1/3
[m0] 2026-06-04T04:24:09.846Z-repeat-1 m0-001 trial 1/3 with_skill
[m0] 2026-06-04T04:24:09.846Z-repeat-1 m0-001 trial 1/3 no_skill
[m0] 2026-06-04T04:24:09.846Z-repeat-1 m0-001 trial 2/3 with_skill
[m0] 2026-06-04T04:24:09.846Z-repeat-1 m0-001 trial 2/3 no_skill
[m0] 2026-06-04T04:24:09.846Z-repeat-1 m0-001 trial 3/3 with_skill
[m0] 2026-06-04T04:24:09.846Z-repeat-1 m0-001 trial 3/3 no_skill
[m0] 2026-06-04T04:24:09.846Z-repeat-1 m0-002 trial 1/3 with_skill
[nim] retry 1/5 after connection; waiting 598 ms
[m0] 2026-06-04T04:24:09.846Z-repeat-1 m0-002 trial 1/3 no_skill
[m0] 2026-06-04T04:24:09.846Z-repeat-1 m0-002 trial 2/3 with_skill
[m0] 2026-06-04T04:24:09.846Z-repeat-1 m0-002 trial 2/3 no_skill
[m0] 2026-06-04T04:24:09.846Z-repeat-1 m0-002 trial 3/3 with_skill
[m0] 2026-06-04T04:24:09.846Z-repeat-1 m0-002 trial 3/3 no_skill
[m0] 2026-06-04T04:24:09.846Z-repeat-1 m0-003 trial 1/3 with_skill
[m0] 2026-06-04T04:24:09.846Z-repeat-1 m0-003 trial 1/3 no_skill
[m0] 2026-06-04T04:24:09.846Z-repeat-1 m0-003 trial 2/3 with_skill
[m0] 2026-06-04T04:24:09.846Z-repeat-1 m0-003 trial 2/3 no_skill
[m0] 2026-06-04T04:24:09.846Z-repeat-1 m0-003 trial 3/3 with_skill
[m0] 2026-06-04T04:24:09.846Z-repeat-1 m0-003 trial 3/3 no_skill
[m0] 2026-06-04T04:24:09.846Z-repeat-1 m0-004 trial 1/3 with_skill
[m0] 2026-06-04T04:24:09.846Z-repeat-1 m0-004 trial 1/3 no_skill
[m0] 2026-06-04T04:24:09.846Z-repeat-1 m0-004 trial 2/3 with_skill
[m0] 2026-06-04T04:24:09.846Z-repeat-1 m0-004 trial 2/3 no_skill
[m0] 2026-06-04T04:24:09.846Z-repeat-1 m0-004 trial 3/3 with_skill
[m0] 2026-06-04T04:24:09.846Z-repeat-1 m0-004 trial 3/3 no_skill
[m0] 2026-06-04T04:24:09.846Z-repeat-1 m0-005 trial 1/3 with_skill
[m0] 2026-06-04T04:24:09.846Z-repeat-1 m0-005 trial 1/3 no_skill
[m0] 2026-06-04T04:24:09.846Z-repeat-1 m0-005 trial 2/3 with_skill
[m0] 2026-06-04T04:24:09.846Z-repeat-1 m0-005 trial 2/3 no_skill
[m0] 2026-06-04T04:24:09.846Z-repeat-1 m0-005 trial 3/3 with_skill
[m0] 2026-06-04T04:24:09.846Z-repeat-1 m0-005 trial 3/3 no_skill
[m0] 2026-06-04T04:24:09.846Z-repeat-1 m0-006 trial 1/3 with_skill
[m0] 2026-06-04T04:24:09.846Z-repeat-1 m0-006 trial 1/3 no_skill
[m0] 2026-06-04T04:24:09.846Z-repeat-1 m0-006 trial 2/3 with_skill
[m0] 2026-06-04T04:24:09.846Z-repeat-1 m0-006 trial 2/3 no_skill
[m0] 2026-06-04T04:24:09.846Z-repeat-1 m0-006 trial 3/3 with_skill
[m0] 2026-06-04T04:24:09.846Z-repeat-1 m0-006 trial 3/3 no_skill
[m0] 2026-06-04T04:24:09.846Z-repeat-1 m0-007 trial 1/3 with_skill
[m0] 2026-06-04T04:24:09.846Z-repeat-1 m0-007 trial 1/3 no_skill
[m0] 2026-06-04T04:24:09.846Z-repeat-1 m0-007 trial 2/3 with_skill
[m0] 2026-06-04T04:24:09.846Z-repeat-1 m0-007 trial 2/3 no_skill
[m0] 2026-06-04T04:24:09.846Z-repeat-1 m0-007 trial 3/3 with_skill
[m0] 2026-06-04T04:24:09.846Z-repeat-1 m0-007 trial 3/3 no_skill
[m0] 2026-06-04T04:24:09.846Z-repeat-1 m0-008 trial 1/3 with_skill
[m0] 2026-06-04T04:24:09.846Z-repeat-1 m0-008 trial 1/3 no_skill
[m0] 2026-06-04T04:24:09.846Z-repeat-1 m0-008 trial 2/3 with_skill
[m0] 2026-06-04T04:24:09.846Z-repeat-1 m0-008 trial 2/3 no_skill
[m0] 2026-06-04T04:24:09.846Z-repeat-1 m0-008 trial 3/3 with_skill
[m0] 2026-06-04T04:24:09.846Z-repeat-1 m0-008 trial 3/3 no_skill
[m0] starting repeatability run 2/3
[m0] 2026-06-04T04:24:09.846Z-repeat-2 m0-001 trial 1/3 with_skill
[m0] 2026-06-04T04:24:09.846Z-repeat-2 m0-001 trial 1/3 no_skill
[m0] 2026-06-04T04:24:09.846Z-repeat-2 m0-001 trial 2/3 with_skill
[m0] 2026-06-04T04:24:09.846Z-repeat-2 m0-001 trial 2/3 no_skill
[m0] 2026-06-04T04:24:09.846Z-repeat-2 m0-001 trial 3/3 with_skill
[m0] 2026-06-04T04:24:09.846Z-repeat-2 m0-001 trial 3/3 no_skill
[m0] 2026-06-04T04:24:09.846Z-repeat-2 m0-002 trial 1/3 with_skill
[m0] 2026-06-04T04:24:09.846Z-repeat-2 m0-002 trial 1/3 no_skill
[m0] 2026-06-04T04:24:09.846Z-repeat-2 m0-002 trial 2/3 with_skill
[m0] 2026-06-04T04:24:09.846Z-repeat-2 m0-002 trial 2/3 no_skill
[m0] 2026-06-04T04:24:09.846Z-repeat-2 m0-002 trial 3/3 with_skill
[m0] 2026-06-04T04:24:09.846Z-repeat-2 m0-002 trial 3/3 no_skill
[m0] 2026-06-04T04:24:09.846Z-repeat-2 m0-003 trial 1/3 with_skill
[m0] 2026-06-04T04:24:09.846Z-repeat-2 m0-003 trial 1/3 no_skill
[m0] 2026-06-04T04:24:09.846Z-repeat-2 m0-003 trial 2/3 with_skill
[nim] retry 1/5 after status 429; waiting 5133 ms
[m0] 2026-06-04T04:24:09.846Z-repeat-2 m0-003 trial 2/3 no_skill
[m0] 2026-06-04T04:24:09.846Z-repeat-2 m0-003 trial 3/3 with_skill
[nim] retry 1/5 after status 429; waiting 5371 ms
[m0] 2026-06-04T04:24:09.846Z-repeat-2 m0-003 trial 3/3 no_skill
[nim] retry 1/5 after status 429; waiting 5276 ms
[nim] retry 2/5 after status 429; waiting 10292 ms
[nim] retry 3/5 after status 429; waiting 20253 ms
[nim] retry 4/5 after status 429; waiting 40133 ms
[m0] 2026-06-04T04:24:09.846Z-repeat-2 m0-004 trial 1/3 with_skill
[nim] retry 1/5 after status 429; waiting 5244 ms
[m0] 2026-06-04T04:24:09.846Z-repeat-2 m0-004 trial 1/3 no_skill
[m0] 2026-06-04T04:24:09.846Z-repeat-2 m0-004 trial 2/3 with_skill
[m0] 2026-06-04T04:24:09.846Z-repeat-2 m0-004 trial 2/3 no_skill
[m0] 2026-06-04T04:24:09.846Z-repeat-2 m0-004 trial 3/3 with_skill
[nim] retry 1/5 after status 429; waiting 5366 ms
[nim] retry 2/5 after status 429; waiting 10133 ms
[m0] 2026-06-04T04:24:09.846Z-repeat-2 m0-004 trial 3/3 no_skill
[nim] retry 1/5 after status 429; waiting 5469 ms
[m0] 2026-06-04T04:24:09.846Z-repeat-2 m0-005 trial 1/3 with_skill
[m0] 2026-06-04T04:24:09.846Z-repeat-2 m0-005 trial 1/3 no_skill
[m0] 2026-06-04T04:24:09.846Z-repeat-2 m0-005 trial 2/3 with_skill
[nim] retry 1/5 after status 429; waiting 5318 ms
[nim] retry 2/5 after status 429; waiting 10087 ms
[nim] retry 3/5 after status 429; waiting 20438 ms
[m0] 2026-06-04T04:24:09.846Z-repeat-2 m0-005 trial 2/3 no_skill
[m0] 2026-06-04T04:24:09.846Z-repeat-2 m0-005 trial 3/3 with_skill
[m0] 2026-06-04T04:24:09.846Z-repeat-2 m0-005 trial 3/3 no_skill
[nim] retry 1/5 after status 429; waiting 5471 ms
[nim] retry 2/5 after status 429; waiting 10289 ms
[m0] 2026-06-04T04:24:09.846Z-repeat-2 m0-006 trial 1/3 with_skill
[m0] 2026-06-04T04:24:09.846Z-repeat-2 m0-006 trial 1/3 no_skill
[nim] retry 1/5 after status 429; waiting 5082 ms
[m0] 2026-06-04T04:24:09.846Z-repeat-2 m0-006 trial 2/3 with_skill
[nim] retry 1/5 after status 429; waiting 5488 ms
[m0] 2026-06-04T04:24:09.846Z-repeat-2 m0-006 trial 2/3 no_skill
[nim] retry 1/5 after status 429; waiting 5028 ms
[nim] retry 2/5 after status 429; waiting 10052 ms
[nim] retry 3/5 after status 429; waiting 20067 ms
[m0] 2026-06-04T04:24:09.846Z-repeat-2 m0-006 trial 3/3 with_skill
[nim] retry 1/5 after status 429; waiting 5235 ms
[nim] retry 2/5 after status 429; waiting 10368 ms
[nim] retry 3/5 after status 429; waiting 20063 ms
[m0] 2026-06-04T04:24:09.846Z-repeat-2 m0-006 trial 3/3 no_skill
[nim] retry 1/5 after status 429; waiting 5292 ms
[m0] 2026-06-04T04:24:09.846Z-repeat-2 m0-007 trial 1/3 with_skill
[m0] 2026-06-04T04:24:09.846Z-repeat-2 m0-007 trial 1/3 no_skill
[nim] retry 1/5 after status 429; waiting 5216 ms
[nim] retry 2/5 after status 429; waiting 10011 ms
[nim] retry 3/5 after status 429; waiting 20433 ms
[m0] 2026-06-04T04:24:09.846Z-repeat-2 m0-007 trial 2/3 with_skill
[m0] 2026-06-04T04:24:09.846Z-repeat-2 m0-007 trial 2/3 no_skill
[nim] retry 1/5 after status 429; waiting 5029 ms
[nim] retry 2/5 after status 429; waiting 10214 ms
[nim] retry 3/5 after status 429; waiting 20111 ms
[m0] 2026-06-04T04:24:09.846Z-repeat-2 m0-007 trial 3/3 with_skill
[m0] 2026-06-04T04:24:09.846Z-repeat-2 m0-007 trial 3/3 no_skill
[nim] retry 1/5 after status 429; waiting 5435 ms
[nim] retry 2/5 after status 429; waiting 10123 ms
[nim] retry 3/5 after status 429; waiting 20000 ms
[m0] 2026-06-04T04:24:09.846Z-repeat-2 m0-008 trial 1/3 with_skill
[m0] 2026-06-04T04:24:09.846Z-repeat-2 m0-008 trial 1/3 no_skill
[m0] 2026-06-04T04:24:09.846Z-repeat-2 m0-008 trial 2/3 with_skill
[nim] retry 1/5 after status 429; waiting 5109 ms
[m0] 2026-06-04T04:24:09.846Z-repeat-2 m0-008 trial 2/3 no_skill
[m0] 2026-06-04T04:24:09.846Z-repeat-2 m0-008 trial 3/3 with_skill
[nim] retry 1/5 after status 429; waiting 5015 ms
[nim] retry 2/5 after status 429; waiting 10163 ms
[nim] retry 3/5 after status 429; waiting 20437 ms
[m0] 2026-06-04T04:24:09.846Z-repeat-2 m0-008 trial 3/3 no_skill
[nim] retry 1/5 after status 429; waiting 5460 ms
[nim] retry 2/5 after status 429; waiting 10236 ms
[m0] starting repeatability run 3/3
[m0] 2026-06-04T04:24:09.846Z-repeat-3 m0-001 trial 1/3 with_skill
[m0] 2026-06-04T04:24:09.846Z-repeat-3 m0-001 trial 1/3 no_skill
[m0] 2026-06-04T04:24:09.846Z-repeat-3 m0-001 trial 2/3 with_skill
[nim] retry 1/5 after status 429; waiting 5311 ms
[nim] retry 2/5 after status 429; waiting 10444 ms
[nim] retry 3/5 after status 429; waiting 20082 ms
[m0] 2026-06-04T04:24:09.846Z-repeat-3 m0-001 trial 2/3 no_skill
[nim] retry 1/5 after status 429; waiting 5374 ms
[nim] retry 2/5 after status 429; waiting 10467 ms
[nim] retry 3/5 after status 429; waiting 20196 ms
[nim] retry 4/5 after status 429; waiting 40425 ms
[m0] 2026-06-04T04:24:09.846Z-repeat-3 m0-001 trial 3/3 with_skill
[m0] 2026-06-04T04:24:09.846Z-repeat-3 m0-001 trial 3/3 no_skill
[nim] retry 1/5 after status 429; waiting 5293 ms
[m0] 2026-06-04T04:24:09.846Z-repeat-3 m0-002 trial 1/3 with_skill
[m0] 2026-06-04T04:24:09.846Z-repeat-3 m0-002 trial 1/3 no_skill
[nim] retry 1/5 after status 429; waiting 5407 ms
[m0] 2026-06-04T04:24:09.846Z-repeat-3 m0-002 trial 2/3 with_skill
[m0] 2026-06-04T04:24:09.846Z-repeat-3 m0-002 trial 2/3 no_skill
[nim] retry 1/5 after status 429; waiting 5432 ms
[m0] 2026-06-04T04:24:09.846Z-repeat-3 m0-002 trial 3/3 with_skill
[m0] 2026-06-04T04:24:09.846Z-repeat-3 m0-002 trial 3/3 no_skill
[m0] 2026-06-04T04:24:09.846Z-repeat-3 m0-003 trial 1/3 with_skill
[nim] retry 1/5 after status 429; waiting 5247 ms
[nim] retry 2/5 after status 429; waiting 10173 ms
[nim] retry 3/5 after status 429; waiting 20417 ms
[nim] retry 4/5 after status 429; waiting 40079 ms
[m0] 2026-06-04T04:24:09.846Z-repeat-3 m0-003 trial 1/3 no_skill
[m0] 2026-06-04T04:24:09.846Z-repeat-3 m0-003 trial 2/3 with_skill
[nim] retry 1/5 after status 429; waiting 5480 ms
[m0] 2026-06-04T04:24:09.846Z-repeat-3 m0-003 trial 2/3 no_skill
[m0] 2026-06-04T04:24:09.846Z-repeat-3 m0-003 trial 3/3 with_skill
[m0] 2026-06-04T04:24:09.846Z-repeat-3 m0-003 trial 3/3 no_skill
[m0] 2026-06-04T04:24:09.846Z-repeat-3 m0-004 trial 1/3 with_skill
[nim] retry 1/5 after status 429; waiting 5201 ms
[m0] 2026-06-04T04:24:09.846Z-repeat-3 m0-004 trial 1/3 no_skill
[nim] retry 1/5 after status 429; waiting 5009 ms
[nim] retry 2/5 after status 429; waiting 10360 ms
[nim] retry 3/5 after status 429; waiting 20060 ms
[nim] retry 4/5 after status 429; waiting 40110 ms
[m0] 2026-06-04T04:24:09.846Z-repeat-3 m0-004 trial 2/3 with_skill
[nim] retry 1/5 after status 429; waiting 5436 ms
[m0] 2026-06-04T04:24:09.846Z-repeat-3 m0-004 trial 2/3 no_skill
[nim] retry 1/5 after status 429; waiting 5450 ms
[nim] retry 2/5 after status 429; waiting 10396 ms
[m0] 2026-06-04T04:24:09.846Z-repeat-3 m0-004 trial 3/3 with_skill
[nim] retry 1/5 after status 429; waiting 5498 ms
[m0] 2026-06-04T04:24:09.846Z-repeat-3 m0-004 trial 3/3 no_skill
[nim] retry 1/5 after status 429; waiting 5493 ms
[m0] 2026-06-04T04:24:09.846Z-repeat-3 m0-005 trial 1/3 with_skill
[m0] 2026-06-04T04:24:09.846Z-repeat-3 m0-005 trial 1/3 no_skill
[nim] retry 1/5 after status 429; waiting 5031 ms
[m0] 2026-06-04T04:24:09.846Z-repeat-3 m0-005 trial 2/3 with_skill
[m0] 2026-06-04T04:24:09.846Z-repeat-3 m0-005 trial 2/3 no_skill
[nim] retry 1/5 after status 429; waiting 5187 ms
[nim] retry 2/5 after status 429; waiting 10449 ms
[m0] 2026-06-04T04:24:09.846Z-repeat-3 m0-005 trial 3/3 with_skill
[nim] retry 1/5 after status 429; waiting 5386 ms
[nim] retry 2/5 after status 429; waiting 10490 ms
[m0] 2026-06-04T04:24:09.846Z-repeat-3 m0-005 trial 3/3 no_skill
[nim] retry 1/5 after status 429; waiting 5278 ms
[nim] retry 2/5 after status 429; waiting 10262 ms
[nim] retry 3/5 after status 429; waiting 20092 ms
[m0] 2026-06-04T04:24:09.846Z-repeat-3 m0-006 trial 1/3 with_skill
[nim] retry 1/5 after status 429; waiting 5460 ms
[m0] 2026-06-04T04:24:09.846Z-repeat-3 m0-006 trial 1/3 no_skill
[m0] 2026-06-04T04:24:09.846Z-repeat-3 m0-006 trial 2/3 with_skill
[nim] retry 1/5 after status 429; waiting 5228 ms
[m0] 2026-06-04T04:24:09.846Z-repeat-3 m0-006 trial 2/3 no_skill
[nim] retry 1/5 after status 429; waiting 5026 ms
[m0] 2026-06-04T04:24:09.846Z-repeat-3 m0-006 trial 3/3 with_skill
[nim] retry 1/5 after status 429; waiting 5207 ms
[m0] 2026-06-04T04:24:09.846Z-repeat-3 m0-006 trial 3/3 no_skill
[nim] retry 1/5 after status 429; waiting 5192 ms
[nim] retry 2/5 after status 429; waiting 10349 ms
[nim] retry 3/5 after status 429; waiting 20160 ms
[nim] retry 4/5 after status 429; waiting 40186 ms
[m0] 2026-06-04T04:24:09.846Z-repeat-3 m0-007 trial 1/3 with_skill
[m0] 2026-06-04T04:24:09.846Z-repeat-3 m0-007 trial 1/3 no_skill
[m0] 2026-06-04T04:24:09.846Z-repeat-3 m0-007 trial 2/3 with_skill
[nim] retry 1/5 after status 429; waiting 5221 ms
[m0] 2026-06-04T04:24:09.846Z-repeat-3 m0-007 trial 2/3 no_skill
[m0] 2026-06-04T04:24:09.846Z-repeat-3 m0-007 trial 3/3 with_skill
[m0] 2026-06-04T04:24:09.846Z-repeat-3 m0-007 trial 3/3 no_skill
[nim] retry 1/5 after status 429; waiting 5366 ms
[m0] 2026-06-04T04:24:09.846Z-repeat-3 m0-008 trial 1/3 with_skill
[nim] retry 1/5 after status 429; waiting 5262 ms
[m0] 2026-06-04T04:24:09.846Z-repeat-3 m0-008 trial 1/3 no_skill
[nim] retry 1/5 after status 429; waiting 5150 ms
[m0] 2026-06-04T04:24:09.846Z-repeat-3 m0-008 trial 2/3 with_skill
[nim] retry 1/5 after status 429; waiting 5062 ms
[m0] 2026-06-04T04:24:09.846Z-repeat-3 m0-008 trial 2/3 no_skill
[nim] retry 1/5 after status 429; waiting 5293 ms
[nim] retry 2/5 after status 429; waiting 10196 ms
[nim] retry 3/5 after status 429; waiting 20020 ms
[nim] retry 4/5 after status 429; waiting 40350 ms
[m0] 2026-06-04T04:24:09.846Z-repeat-3 m0-008 trial 3/3 with_skill
[m0] 2026-06-04T04:24:09.846Z-repeat-3 m0-008 trial 3/3 no_skill
[m0] starting empty-control run
[m0] 2026-06-04T04:24:09.846Z-empty-control m0-001 trial 1/3 with_skill
[m0] 2026-06-04T04:24:09.846Z-empty-control m0-001 trial 1/3 no_skill
[m0] 2026-06-04T04:24:09.846Z-empty-control m0-001 trial 2/3 with_skill
[nim] retry 1/5 after status 429; waiting 5447 ms
[m0] 2026-06-04T04:24:09.846Z-empty-control m0-001 trial 2/3 no_skill
[m0] 2026-06-04T04:24:09.846Z-empty-control m0-001 trial 3/3 with_skill
[m0] 2026-06-04T04:24:09.846Z-empty-control m0-001 trial 3/3 no_skill
[nim] retry 1/5 after status 429; waiting 5385 ms
[m0] 2026-06-04T04:24:09.846Z-empty-control m0-002 trial 1/3 with_skill
[nim] retry 1/5 after status 429; waiting 5067 ms
[nim] retry 2/5 after status 429; waiting 10236 ms
[m0] 2026-06-04T04:24:09.846Z-empty-control m0-002 trial 1/3 no_skill
[nim] retry 1/5 after status 429; waiting 5416 ms
[nim] retry 2/5 after status 429; waiting 10022 ms
[nim] retry 3/5 after status 429; waiting 20251 ms
[nim] retry 4/5 after status 429; waiting 40093 ms
[m0] 2026-06-04T04:24:09.846Z-empty-control m0-002 trial 2/3 with_skill
[m0] 2026-06-04T04:24:09.846Z-empty-control m0-002 trial 2/3 no_skill
[m0] 2026-06-04T04:24:09.846Z-empty-control m0-002 trial 3/3 with_skill
[m0] 2026-06-04T04:24:09.846Z-empty-control m0-002 trial 3/3 no_skill
[m0] 2026-06-04T04:24:09.846Z-empty-control m0-003 trial 1/3 with_skill
[nim] retry 1/5 after status 429; waiting 5030 ms
[nim] retry 2/5 after status 429; waiting 10251 ms
[m0] 2026-06-04T04:24:09.846Z-empty-control m0-003 trial 1/3 no_skill
[nim] retry 1/5 after status 429; waiting 5254 ms
[m0] 2026-06-04T04:24:09.846Z-empty-control m0-003 trial 2/3 with_skill
[m0] 2026-06-04T04:24:09.846Z-empty-control m0-003 trial 2/3 no_skill
[nim] retry 1/5 after status 429; waiting 5371 ms
[m0] 2026-06-04T04:24:09.846Z-empty-control m0-003 trial 3/3 with_skill
[nim] retry 1/5 after status 429; waiting 5121 ms
[nim] retry 2/5 after status 429; waiting 10126 ms
[nim] retry 3/5 after status 429; waiting 20053 ms
[nim] retry 4/5 after status 429; waiting 40047 ms
[m0] 2026-06-04T04:24:09.846Z-empty-control m0-003 trial 3/3 no_skill
[m0] 2026-06-04T04:24:09.846Z-empty-control m0-004 trial 1/3 with_skill
[m0] 2026-06-04T04:24:09.846Z-empty-control m0-004 trial 1/3 no_skill
[nim] retry 1/5 after status 429; waiting 5419 ms
[nim] retry 2/5 after status 429; waiting 10378 ms
[m0] 2026-06-04T04:24:09.846Z-empty-control m0-004 trial 2/3 with_skill
[nim] retry 1/5 after status 429; waiting 5012 ms
[nim] retry 2/5 after status 429; waiting 10228 ms
[m0] 2026-06-04T04:24:09.846Z-empty-control m0-004 trial 2/3 no_skill
[nim] retry 1/5 after status 429; waiting 5415 ms
[nim] retry 2/5 after status 429; waiting 10245 ms
[m0] 2026-06-04T04:24:09.846Z-empty-control m0-004 trial 3/3 with_skill
[nim] retry 1/5 after status 429; waiting 5414 ms
[nim] retry 2/5 after status 429; waiting 10121 ms
[m0] 2026-06-04T04:24:09.846Z-empty-control m0-004 trial 3/3 no_skill
[m0] 2026-06-04T04:24:09.846Z-empty-control m0-005 trial 1/3 with_skill
[m0] 2026-06-04T04:24:09.846Z-empty-control m0-005 trial 1/3 no_skill
[nim] retry 1/5 after status 429; waiting 5031 ms
[m0] 2026-06-04T04:24:09.846Z-empty-control m0-005 trial 2/3 with_skill
[nim] retry 1/5 after status 429; waiting 5497 ms
[nim] retry 2/5 after status 429; waiting 10060 ms
[nim] retry 3/5 after status 429; waiting 20412 ms
[m0] 2026-06-04T04:24:09.846Z-empty-control m0-005 trial 2/3 no_skill
[m0] 2026-06-04T04:24:09.846Z-empty-control m0-005 trial 3/3 with_skill
[m0] 2026-06-04T04:24:09.846Z-empty-control m0-005 trial 3/3 no_skill
[nim] retry 1/5 after status 429; waiting 5382 ms
[nim] retry 2/5 after status 429; waiting 10169 ms
[nim] retry 3/5 after status 429; waiting 20181 ms
[nim] retry 4/5 after status 429; waiting 40290 ms
[m0] 2026-06-04T04:24:09.846Z-empty-control m0-006 trial 1/3 with_skill
[m0] 2026-06-04T04:24:09.846Z-empty-control m0-006 trial 1/3 no_skill
[m0] 2026-06-04T04:24:09.846Z-empty-control m0-006 trial 2/3 with_skill
[m0] 2026-06-04T04:24:09.846Z-empty-control m0-006 trial 2/3 no_skill
[m0] 2026-06-04T04:24:09.846Z-empty-control m0-006 trial 3/3 with_skill
[nim] retry 1/5 after status 429; waiting 5028 ms
[nim] retry 2/5 after status 429; waiting 10144 ms
[nim] retry 3/5 after status 429; waiting 20296 ms
[m0] 2026-06-04T04:24:09.846Z-empty-control m0-006 trial 3/3 no_skill
[nim] retry 1/5 after status 429; waiting 5097 ms
[nim] retry 2/5 after status 429; waiting 10102 ms
[m0] 2026-06-04T04:24:09.846Z-empty-control m0-007 trial 1/3 with_skill
[nim] retry 1/5 after status 429; waiting 5366 ms
[nim] retry 2/5 after status 429; waiting 10495 ms
[m0] 2026-06-04T04:24:09.846Z-empty-control m0-007 trial 1/3 no_skill
[nim] retry 1/5 after status 429; waiting 5056 ms
[nim] retry 2/5 after status 429; waiting 10267 ms
[m0] 2026-06-04T04:24:09.846Z-empty-control m0-007 trial 2/3 with_skill
[nim] retry 1/5 after status 429; waiting 5323 ms
[nim] retry 2/5 after status 429; waiting 10085 ms
[nim] retry 3/5 after status 429; waiting 20211 ms
[m0] 2026-06-04T04:24:09.846Z-empty-control m0-007 trial 2/3 no_skill
[m0] 2026-06-04T04:24:09.846Z-empty-control m0-007 trial 3/3 with_skill
[m0] 2026-06-04T04:24:09.846Z-empty-control m0-007 trial 3/3 no_skill
[nim] retry 1/5 after status 429; waiting 5029 ms
[nim] retry 2/5 after status 429; waiting 10392 ms
[nim] retry 3/5 after status 429; waiting 20041 ms
[m0] 2026-06-04T04:24:09.846Z-empty-control m0-008 trial 1/3 with_skill
[m0] 2026-06-04T04:24:09.846Z-empty-control m0-008 trial 1/3 no_skill
[m0] 2026-06-04T04:24:09.846Z-empty-control m0-008 trial 2/3 with_skill
[nim] retry 1/5 after status 429; waiting 5394 ms
[nim] retry 2/5 after status 429; waiting 10283 ms
[m0] 2026-06-04T04:24:09.846Z-empty-control m0-008 trial 2/3 no_skill
[m0] 2026-06-04T04:24:09.846Z-empty-control m0-008 trial 3/3 with_skill
[m0] 2026-06-04T04:24:09.846Z-empty-control m0-008 trial 3/3 no_skill
[nim] retry 1/5 after status 429; waiting 5304 ms
[nim] retry 2/5 after status 429; waiting 10032 ms
[nim] retry 3/5 after status 429; waiting 20230 ms
[nim] retry 4/5 after status 429; waiting 40319 ms
